
<h2>Title of the document</h2>

<p>Some paragraph.</p>

<ul>
	<li>some</li>

	<li>list</li>

	<li>items</li>
</ul>

<p>And another paragraph.</p>
