
<h2>Title of the document</h2>

<p>Some paragraph.</p>

<pre><code><span class="html-tag">&lt;div</span><span
class="html-tagin"> class=</span><span
class="html-quote">&quot;foo&quot;</span><span
class="html-tag">&gt;</span>
    <span class="html-tag">&lt;img</span><span
class="html-tagin"> src=</span><span
class="html-quote">&quot;example.png&quot;</span><span
class="html-tagin"> </span><span class="html-tag">/&gt;</span>
<span
class="html-tag">&lt;/div&gt;</span></code></pre>
